2026-03-09 05:26:29.476: [INFO] OnDoneLoading sync enabled: 0
2026-03-09 05:52:40.090: [INFO] OnDoneLoading sync enabled: 0
2026-03-09 05:52:51.787: [INFO] OnDoneLoading sync enabled: 0
2026-03-09 05:53:31.234: [INFO] OnDoneLoading sync enabled: 0
2026-03-09 05:53:35.012: [INFO] OnDoneLoading sync enabled: 0
2026-03-09 05:57:32.547: [INFO] OnDoneLoading sync enabled: 0
2026-03-09 05:59:40.097: [INFO] OnDoneLoading sync enabled: 0
2026-03-09 06:01:45.485: [INFO] OnDoneLoading sync enabled: 0
2026-03-09 06:22:09.964: [INFO] OnDoneLoading sync enabled: 0
2026-03-09 06:25:20.009: [INFO] OnDoneLoading sync enabled: 0
2026-03-09 06:28:46.802: [INFO] OnDoneLoading sync enabled: 0
2026-03-09 06:29:10.568: [INFO] OnDoneLoading sync enabled: 0
2026-03-09 06:30:52.010: [INFO] OnDoneLoading sync enabled: 0
2026-03-09 18:16:27.308: [INFO] OnDoneLoading sync enabled: 0
2026-03-10 05:08:00.131: [INFO] OnDoneLoading sync enabled: 0
2026-03-10 18:41:06.749: [INFO] OnDoneLoading sync enabled: 0
2026-03-10 18:53:43.143: [INFO] OnDoneLoading sync enabled: 0
2026-03-10 19:02:53.758: [INFO] OnDoneLoading sync enabled: 0
2026-03-11 04:41:27.686: [INFO] OnDoneLoading sync enabled: 0
2026-03-11 05:05:15.650: [INFO] OnDoneLoading sync enabled: 0
2026-03-11 05:47:30.317: [INFO] OnDoneLoading sync enabled: 0
2026-03-11 17:38:19.214: [INFO] OnDoneLoading sync enabled: 0
2026-03-12 17:36:54.763: [INFO] OnDoneLoading sync enabled: 0
2026-03-14 16:29:57.010: [INFO] OnDoneLoading sync enabled: 0
2026-03-15 07:41:49.616: [INFO] OnDoneLoading sync enabled: 0
2026-03-15 07:43:00.173: [INFO] OnDoneLoading sync enabled: 0
2026-03-15 07:44:26.457: [INFO] OnDoneLoading sync enabled: 0
2026-03-15 11:46:52.650: [INFO] OnDoneLoading sync enabled: 0
2026-03-15 12:21:31.279: [INFO] OnDoneLoading sync enabled: 0
2026-03-15 12:24:31.869: [INFO] OnDoneLoading sync enabled: 0
2026-03-15 16:38:56.874: [INFO] OnDoneLoading sync enabled: 0
2026-03-15 17:03:46.928: [INFO] OnDoneLoading sync enabled: 0
2026-03-15 17:26:30.313: [INFO] OnDoneLoading sync enabled: 0
2026-03-15 17:42:11.669: [INFO] OnDoneLoading sync enabled: 0
2026-03-16 12:52:47.625: [INFO] OnDoneLoading sync enabled: 0
2026-03-16 13:16:35.562: [INFO] OnDoneLoading sync enabled: 0
2026-03-16 13:18:34.374: [INFO] OnDoneLoading sync enabled: 0
2026-03-16 13:28:27.087: [INFO] OnDoneLoading sync enabled: 0
2026-03-16 13:48:17.057: [INFO] OnDoneLoading sync enabled: 0
2026-03-16 13:50:02.913: [INFO] OnDoneLoading sync enabled: 0
2026-03-16 13:51:29.189: [INFO] OnDoneLoading sync enabled: 0
2026-03-16 13:55:30.422: [INFO] OnDoneLoading sync enabled: 0
2026-03-16 13:56:03.970: [INFO] OnDoneLoading sync enabled: 0
2026-03-16 16:41:49.011: [INFO] OnDoneLoading sync enabled: 0
2026-03-16 17:21:26.521: [INFO] OnDoneLoading sync enabled: 0
2026-03-16 17:21:40.301: [INFO] OnDoneLoading sync enabled: 0
2026-03-16 17:23:51.281: [INFO] OnDoneLoading sync enabled: 0
2026-03-16 17:25:03.800: [INFO] OnDoneLoading sync enabled: 0
2026-03-16 17:25:16.340: [INFO] OnDoneLoading sync enabled: 0
2026-03-16 17:26:21.692: [INFO] OnDoneLoading sync enabled: 0
2026-03-16 17:26:29.422: [INFO] OnDoneLoading sync enabled: 0
2026-03-16 17:27:26.032: [INFO] OnDoneLoading sync enabled: 0
2026-03-16 17:31:42.330: [INFO] OnDoneLoading sync enabled: 0
2026-03-16 17:33:58.060: [INFO] OnDoneLoading sync enabled: 0
2026-03-16 18:09:15.424: [INFO] OnDoneLoading sync enabled: 0
2026-03-16 18:26:39.411: [INFO] OnDoneLoading sync enabled: 0
2026-03-16 18:30:38.185: [INFO] OnDoneLoading sync enabled: 0
2026-03-16 18:39:54.235: [INFO] OnDoneLoading sync enabled: 0
2026-03-16 18:47:33.307: [INFO] OnDoneLoading sync enabled: 0
2026-03-16 18:54:02.553: [INFO] OnDoneLoading sync enabled: 0
2026-03-18 04:51:01.210: [INFO] OnDoneLoading sync enabled: 0
2026-03-18 05:07:13.430: [INFO] OnDoneLoading sync enabled: 0
2026-03-18 05:07:50.680: [INFO] OnDoneLoading sync enabled: 0
2026-03-18 05:51:58.994: [INFO] OnDoneLoading sync enabled: 0
2026-03-18 06:00:58.978: [INFO] OnDoneLoading sync enabled: 0
2026-03-18 06:38:08.677: [INFO] OnDoneLoading sync enabled: 0
2026-03-18 06:41:23.832: [INFO] OnDoneLoading sync enabled: 0
2026-03-18 06:51:17.503: [INFO] OnDoneLoading sync enabled: 0
2026-03-18 07:28:59.567: [INFO] OnDoneLoading sync enabled: 0
2026-03-18 16:28:35.257: [INFO] OnDoneLoading sync enabled: 0
2026-03-18 17:34:38.601: [INFO] OnDoneLoading sync enabled: 0
2026-03-20 05:48:27.127: [INFO] OnDoneLoading sync enabled: 0
2026-03-20 13:26:47.928: [INFO] OnDoneLoading sync enabled: 0
2026-03-20 13:40:31.411: [INFO] OnDoneLoading sync enabled: 0
2026-03-20 13:43:15.961: [INFO] OnDoneLoading sync enabled: 0
2026-03-20 13:48:58.811: [INFO] OnDoneLoading sync enabled: 0
2026-03-21 06:35:08.603: [INFO] OnDoneLoading sync enabled: 0
2026-03-21 09:17:55.975: [INFO] OnDoneLoading sync enabled: 0
2026-03-21 09:31:34.564: [INFO] OnDoneLoading sync enabled: 0
2026-03-21 09:35:52.304: [INFO] OnDoneLoading sync enabled: 0
2026-03-21 09:42:53.146: [INFO] OnDoneLoading sync enabled: 0
2026-03-21 09:43:27.740: [INFO] OnDoneLoading sync enabled: 0
2026-03-21 10:19:01.469: [INFO] OnDoneLoading sync enabled: 0
2026-03-21 10:19:39.603: [INFO] OnDoneLoading sync enabled: 0
2026-03-21 17:14:28.247: [INFO] OnDoneLoading sync enabled: 0
2026-03-22 08:21:15.652: [INFO] OnDoneLoading sync enabled: 0
2026-03-23 12:54:41.199: [INFO] OnDoneLoading sync enabled: 0
2026-03-23 17:19:44.435: [INFO] OnDoneLoading sync enabled: 0
2026-03-24 13:36:29.166: [INFO] OnDoneLoading sync enabled: 0
2026-03-24 13:41:48.360: [INFO] OnDoneLoading sync enabled: 0
2026-03-24 13:49:49.419: [INFO] OnDoneLoading sync enabled: 0
2026-03-25 05:06:43.689: [INFO] OnDoneLoading sync enabled: 0
2026-03-25 09:56:48.341: [INFO] OnDoneLoading sync enabled: 0
2026-03-25 12:21:17.961: [INFO] OnDoneLoading sync enabled: 0
2026-03-25 19:11:18.823: [INFO] OnDoneLoading sync enabled: 0
2026-03-26 05:19:19.992: [INFO] OnDoneLoading sync enabled: 0
2026-03-27 09:55:50.644: [INFO] OnDoneLoading sync enabled: 0
2026-03-27 11:45:41.011: [INFO] OnDoneLoading sync enabled: 0
2026-03-27 17:28:33.502: [INFO] OnDoneLoading sync enabled: 0
2026-03-28 16:03:23.703: [INFO] OnDoneLoading sync enabled: 0
2026-03-28 16:45:45.126: [INFO] OnDoneLoading sync enabled: 0
2026-03-28 17:07:58.856: [INFO] OnDoneLoading sync enabled: 0
2026-03-28 17:40:13.774: [INFO] OnDoneLoading sync enabled: 0
2026-03-28 19:21:25.380: [INFO] OnDoneLoading sync enabled: 0
2026-03-29 08:35:01.243: [INFO] OnDoneLoading sync enabled: 0
2026-03-30 16:57:55.127: [INFO] OnDoneLoading sync enabled: 0
2026-03-30 18:02:57.836: [INFO] OnDoneLoading sync enabled: 0
2026-03-31 10:33:16.597: [INFO] OnDoneLoading sync enabled: 0
2026-04-01 05:22:46.901: [INFO] OnDoneLoading sync enabled: 0
2026-04-02 06:43:05.007: [INFO] OnDoneLoading sync enabled: 0
2026-04-02 06:45:19.203: [INFO] OnDoneLoading sync enabled: 0
2026-04-02 09:27:26.410: [INFO] OnDoneLoading sync enabled: 0
2026-04-02 09:27:36.605: [INFO] OnDoneLoading sync enabled: 0
2026-04-03 05:21:31.250: [INFO] OnDoneLoading sync enabled: 0
2026-04-03 05:31:16.705: [INFO] OnDoneLoading sync enabled: 0
2026-04-03 18:45:42.068: [INFO] OnDoneLoading sync enabled: 0
2026-04-05 18:53:49.214: [INFO] OnDoneLoading sync enabled: 0
2026-04-07 11:30:06.589: [INFO] OnDoneLoading sync enabled: 0
2026-04-08 12:28:33.134: [INFO] OnDoneLoading sync enabled: 0
2026-04-08 12:47:52.447: [INFO] OnDoneLoading sync enabled: 0
2026-04-09 13:38:32.696: [INFO] OnDoneLoading sync enabled: 0
2026-04-13 16:35:14.323: [INFO] OnDoneLoading sync enabled: 0
2026-04-13 16:36:19.384: [INFO] OnDoneLoading sync enabled: 0
2026-04-15 10:39:29.388: [INFO] OnDoneLoading sync enabled: 0
2026-04-15 16:54:30.742: [INFO] OnDoneLoading sync enabled: 0
2026-04-15 17:28:49.102: [INFO] OnDoneLoading sync enabled: 0
2026-04-15 17:32:08.901: [INFO] OnDoneLoading sync enabled: 0
2026-04-16 05:17:46.485: [INFO] OnDoneLoading sync enabled: 0
2026-04-24 06:26:16.341: [INFO] OnDoneLoading sync enabled: 0
2026-04-29 04:33:03.864: [INFO] OnDoneLoading sync enabled: 0
2026-05-07 05:59:19.398: [INFO] OnDoneLoading sync enabled: 0
2026-05-07 06:00:47.281: [INFO] OnDoneLoading sync enabled: 0
2026-05-13 11:03:04.127: [INFO] OnDoneLoading sync enabled: 0
2026-05-15 06:00:27.476: [INFO] OnDoneLoading sync enabled: 0
2026-05-15 10:47:22.002: [INFO] OnDoneLoading sync enabled: 0
2026-06-22 09:07:01.312: [INFO] OnDoneLoading sync enabled: 0
2026-06-23 04:37:14.876: [INFO] OnDoneLoading sync enabled: 0
2026-06-23 13:26:44.481: [INFO] OnDoneLoading sync enabled: 0
2026-06-23 16:37:17.844: [INFO] OnDoneLoading sync enabled: 0
2026-06-23 16:44:29.423: [INFO] OnDoneLoading sync enabled: 0
2026-06-23 17:33:06.160: [INFO] OnDoneLoading sync enabled: 0
2026-06-24 04:36:23.440: [INFO] OnDoneLoading sync enabled: 0
2026-06-24 16:31:22.001: [INFO] OnDoneLoading sync enabled: 0
2026-06-25 05:06:09.451: [INFO] OnDoneLoading sync enabled: 0
2026-06-25 17:35:37.059: [INFO] OnDoneLoading sync enabled: 0
2026-06-29 05:10:40.933: [INFO] OnDoneLoading sync enabled: 0
2026-08-03 13:11:01.446: [INFO] OnDoneLoading sync enabled: 0
2026-08-03 16:45:24.060: [INFO] OnDoneLoading sync enabled: 0
2026-08-03 16:51:37.955: [INFO] OnDoneLoading sync enabled: 0
2026-08-04 09:51:53.953: [INFO] OnDoneLoading sync enabled: 0
2026-08-04 16:31:33.899: [INFO] OnDoneLoading sync enabled: 0
2026-08-05 10:04:06.559: [INFO] CurrentProfilePath: C:\Users\vanita.patel\eclipse-workspace\.metadata\.plugins\org.eclipse.swt\EBWebView\Default
2026-08-05 10:04:06.559: [INFO] Profiles total count: 1
2026-08-05 10:04:06.559: [INFO] Profile: name=Profile 1 path=C:\Users\vanita.patel\eclipse-workspace\.metadata\.plugins\org.eclipse.swt\EBWebView\Default lastActive=2026-08-03T16:46:58.362Z
2026-08-05 10:04:06.559: [INFO] LastUsedProfileDir: C:\Users\vanita.patel\eclipse-workspace\.metadata\.plugins\org.eclipse.swt\EBWebView\Default
2026-08-05 10:04:06.559: [INFO] MostRecentlyActiveProfile: name=Profile 1 path=C:\Users\vanita.patel\eclipse-workspace\.metadata\.plugins\org.eclipse.swt\EBWebView\Default lastActive=2026-08-03T16:46:58.362Z
2026-08-05 10:04:06.559: [INFO] OnDoneLoading sync enabled: 0
2026-08-05 10:04:06.559: [INFO] BookmarkModelLoaded, ids_reassigned: 0
2026-08-05 10:04:06.559: [INFO] BookmarksLoadDropped droppedNodes=0
2026-08-05 10:04:06.559: [INFO] BookmarksSnapshot Startup total=0 bar=0 other=0 mobile=0 showBar=0 showBarNTP=1
2026-08-05 10:04:13.439: [INFO] BookmarksSnapshot Shutdown total=0 bar=0 other=0 mobile=0 showBar=0 showBarNTP=1
2026-08-05 10:04:41.550: [INFO] CurrentProfilePath: C:\Users\vanita.patel\eclipse-workspace\.metadata\.plugins\org.eclipse.swt\EBWebView\Default
2026-08-05 10:04:41.550: [INFO] Profiles total count: 1
2026-08-05 10:04:41.551: [INFO] Profile: name=Profile 1 path=C:\Users\vanita.patel\eclipse-workspace\.metadata\.plugins\org.eclipse.swt\EBWebView\Default lastActive=2026-08-05T10:04:06.778Z
2026-08-05 10:04:41.551: [INFO] LastUsedProfileDir: C:\Users\vanita.patel\eclipse-workspace\.metadata\.plugins\org.eclipse.swt\EBWebView\Default
2026-08-05 10:04:41.551: [INFO] MostRecentlyActiveProfile: name=Profile 1 path=C:\Users\vanita.patel\eclipse-workspace\.metadata\.plugins\org.eclipse.swt\EBWebView\Default lastActive=2026-08-05T10:04:06.778Z
2026-08-05 10:04:41.551: [INFO] OnDoneLoading sync enabled: 0
2026-08-05 10:04:41.551: [INFO] BookmarkModelLoaded, ids_reassigned: 0
2026-08-05 10:04:41.551: [INFO] BookmarksLoadDropped droppedNodes=0
2026-08-05 10:04:41.551: [INFO] BookmarksSnapshot Startup total=0 bar=0 other=0 mobile=0 showBar=0 showBarNTP=1
2026-08-05 10:10:42.231: [INFO] BookmarksSnapshot Shutdown total=0 bar=0 other=0 mobile=0 showBar=0 showBarNTP=1
2026-08-05 10:12:58.360: [INFO] CurrentProfilePath: C:\Users\vanita.patel\eclipse-workspace\.metadata\.plugins\org.eclipse.swt\EBWebView\Default
2026-08-05 10:12:58.360: [INFO] Profiles total count: 1
2026-08-05 10:12:58.360: [INFO] Profile: name=Profile 1 path=C:\Users\vanita.patel\eclipse-workspace\.metadata\.plugins\org.eclipse.swt\EBWebView\Default lastActive=2026-08-05T10:04:06.778Z
2026-08-05 10:12:58.360: [INFO] LastUsedProfileDir: C:\Users\vanita.patel\eclipse-workspace\.metadata\.plugins\org.eclipse.swt\EBWebView\Default
2026-08-05 10:12:58.360: [INFO] MostRecentlyActiveProfile: name=Profile 1 path=C:\Users\vanita.patel\eclipse-workspace\.metadata\.plugins\org.eclipse.swt\EBWebView\Default lastActive=2026-08-05T10:04:06.778Z
2026-08-05 10:12:58.360: [INFO] OnDoneLoading sync enabled: 0
2026-08-05 10:12:58.360: [INFO] BookmarkModelLoaded, ids_reassigned: 0
2026-08-05 10:12:58.360: [INFO] BookmarksLoadDropped droppedNodes=0
2026-08-05 10:12:58.360: [INFO] BookmarksSnapshot Startup total=0 bar=0 other=0 mobile=0 showBar=0 showBarNTP=1
2026-08-05 13:44:24.061: [INFO] BookmarksSnapshot Shutdown total=0 bar=0 other=0 mobile=0 showBar=0 showBarNTP=1
2026-08-05 17:00:57.310: [INFO] CurrentProfilePath: C:\Users\vanita.patel\eclipse-workspace\.metadata\.plugins\org.eclipse.swt\EBWebView\Default
2026-08-05 17:00:57.310: [INFO] Profiles total count: 1
2026-08-05 17:00:57.310: [INFO] Profile: name=Profile 1 path=C:\Users\vanita.patel\eclipse-workspace\.metadata\.plugins\org.eclipse.swt\EBWebView\Default lastActive=2026-08-05T13:07:10.033Z
2026-08-05 17:00:57.310: [INFO] LastUsedProfileDir: C:\Users\vanita.patel\eclipse-workspace\.metadata\.plugins\org.eclipse.swt\EBWebView\Default
2026-08-05 17:00:57.310: [INFO] MostRecentlyActiveProfile: name=Profile 1 path=C:\Users\vanita.patel\eclipse-workspace\.metadata\.plugins\org.eclipse.swt\EBWebView\Default lastActive=2026-08-05T13:07:10.033Z
2026-08-05 17:00:57.310: [INFO] OnDoneLoading sync enabled: 0
2026-08-05 17:00:57.310: [INFO] BookmarkModelLoaded, ids_reassigned: 0
2026-08-05 17:00:57.310: [INFO] BookmarksLoadDropped droppedNodes=0
2026-08-05 17:00:57.310: [INFO] BookmarksSnapshot Startup total=0 bar=0 other=0 mobile=0 showBar=0 showBarNTP=1
2026-08-05 17:08:12.178: [INFO] BookmarksSnapshot Shutdown total=0 bar=0 other=0 mobile=0 showBar=0 showBarNTP=1
2026-08-05 17:08:19.596: [INFO] CurrentProfilePath: C:\Users\vanita.patel\eclipse-workspace\.metadata\.plugins\org.eclipse.swt\EBWebView\Default
2026-08-05 17:08:19.596: [INFO] Profiles total count: 1
2026-08-05 17:08:19.596: [INFO] Profile: name=Profile 1 path=C:\Users\vanita.patel\eclipse-workspace\.metadata\.plugins\org.eclipse.swt\EBWebView\Default lastActive=2026-08-05T13:07:10.033Z
2026-08-05 17:08:19.596: [INFO] LastUsedProfileDir: C:\Users\vanita.patel\eclipse-workspace\.metadata\.plugins\org.eclipse.swt\EBWebView\Default
2026-08-05 17:08:19.596: [INFO] MostRecentlyActiveProfile: name=Profile 1 path=C:\Users\vanita.patel\eclipse-workspace\.metadata\.plugins\org.eclipse.swt\EBWebView\Default lastActive=2026-08-05T13:07:10.033Z
2026-08-05 17:08:19.596: [INFO] OnDoneLoading sync enabled: 0
2026-08-05 17:08:19.596: [INFO] BookmarkModelLoaded, ids_reassigned: 0
2026-08-05 17:08:19.596: [INFO] BookmarksLoadDropped droppedNodes=0
2026-08-05 17:08:19.596: [INFO] BookmarksSnapshot Startup total=0 bar=0 other=0 mobile=0 showBar=0 showBarNTP=1
2026-08-05 17:08:23.295: [INFO] BookmarksSnapshot Shutdown total=0 bar=0 other=0 mobile=0 showBar=0 showBarNTP=1
2026-08-05 17:08:43.720: [INFO] CurrentProfilePath: C:\Users\vanita.patel\eclipse-workspace\.metadata\.plugins\org.eclipse.swt\EBWebView\Default
2026-08-05 17:08:43.720: [INFO] Profiles total count: 1
2026-08-05 17:08:43.720: [INFO] Profile: name=Profile 1 path=C:\Users\vanita.patel\eclipse-workspace\.metadata\.plugins\org.eclipse.swt\EBWebView\Default lastActive=2026-08-05T13:07:10.033Z
2026-08-05 17:08:43.720: [INFO] LastUsedProfileDir: C:\Users\vanita.patel\eclipse-workspace\.metadata\.plugins\org.eclipse.swt\EBWebView\Default
2026-08-05 17:08:43.720: [INFO] MostRecentlyActiveProfile: name=Profile 1 path=C:\Users\vanita.patel\eclipse-workspace\.metadata\.plugins\org.eclipse.swt\EBWebView\Default lastActive=2026-08-05T13:07:10.033Z
2026-08-05 17:08:43.720: [INFO] OnDoneLoading sync enabled: 0
2026-08-05 17:08:43.720: [INFO] BookmarkModelLoaded, ids_reassigned: 0
2026-08-05 17:08:43.720: [INFO] BookmarksLoadDropped droppedNodes=0
2026-08-05 17:08:43.720: [INFO] BookmarksSnapshot Startup total=0 bar=0 other=0 mobile=0 showBar=0 showBarNTP=1
2026-08-05 17:09:07.498: [INFO] BookmarksSnapshot Shutdown total=0 bar=0 other=0 mobile=0 showBar=0 showBarNTP=1
2026-08-05 17:09:33.172: [INFO] CurrentProfilePath: C:\Users\vanita.patel\eclipse-workspace\.metadata\.plugins\org.eclipse.swt\EBWebView\Default
2026-08-05 17:09:33.172: [INFO] Profiles total count: 1
2026-08-05 17:09:33.172: [INFO] Profile: name=Profile 1 path=C:\Users\vanita.patel\eclipse-workspace\.metadata\.plugins\org.eclipse.swt\EBWebView\Default lastActive=2026-08-05T13:07:10.033Z
2026-08-05 17:09:33.172: [INFO] LastUsedProfileDir: C:\Users\vanita.patel\eclipse-workspace\.metadata\.plugins\org.eclipse.swt\EBWebView\Default
2026-08-05 17:09:33.172: [INFO] MostRecentlyActiveProfile: name=Profile 1 path=C:\Users\vanita.patel\eclipse-workspace\.metadata\.plugins\org.eclipse.swt\EBWebView\Default lastActive=2026-08-05T13:07:10.033Z
2026-08-05 17:09:33.172: [INFO] OnDoneLoading sync enabled: 0
2026-08-05 17:09:33.172: [INFO] BookmarkModelLoaded, ids_reassigned: 0
2026-08-05 17:09:33.172: [INFO] BookmarksLoadDropped droppedNodes=0
2026-08-05 17:09:33.172: [INFO] BookmarksSnapshot Startup total=0 bar=0 other=0 mobile=0 showBar=0 showBarNTP=1
2026-08-05 17:12:01.877: [INFO] BookmarksSnapshot Shutdown total=0 bar=0 other=0 mobile=0 showBar=0 showBarNTP=1
2026-08-05 17:12:08.927: [INFO] CurrentProfilePath: C:\Users\vanita.patel\eclipse-workspace\.metadata\.plugins\org.eclipse.swt\EBWebView\Default
2026-08-05 17:12:08.927: [INFO] Profiles total count: 1
2026-08-05 17:12:08.928: [INFO] Profile: name=Profile 1 path=C:\Users\vanita.patel\eclipse-workspace\.metadata\.plugins\org.eclipse.swt\EBWebView\Default lastActive=2026-08-05T13:07:10.033Z
2026-08-05 17:12:08.928: [INFO] LastUsedProfileDir: C:\Users\vanita.patel\eclipse-workspace\.metadata\.plugins\org.eclipse.swt\EBWebView\Default
2026-08-05 17:12:08.928: [INFO] MostRecentlyActiveProfile: name=Profile 1 path=C:\Users\vanita.patel\eclipse-workspace\.metadata\.plugins\org.eclipse.swt\EBWebView\Default lastActive=2026-08-05T13:07:10.033Z
2026-08-05 17:12:08.928: [INFO] OnDoneLoading sync enabled: 0
2026-08-05 17:12:08.928: [INFO] BookmarkModelLoaded, ids_reassigned: 0
2026-08-05 17:12:08.928: [INFO] BookmarksLoadDropped droppedNodes=0
2026-08-05 17:12:08.928: [INFO] BookmarksSnapshot Startup total=0 bar=0 other=0 mobile=0 showBar=0 showBarNTP=1
2026-08-05 17:12:37.331: [INFO] BookmarksSnapshot Shutdown total=0 bar=0 other=0 mobile=0 showBar=0 showBarNTP=1
2026-08-05 17:12:43.693: [INFO] CurrentProfilePath: C:\Users\vanita.patel\eclipse-workspace\.metadata\.plugins\org.eclipse.swt\EBWebView\Default
2026-08-05 17:12:43.693: [INFO] Profiles total count: 1
2026-08-05 17:12:43.694: [INFO] Profile: name=Profile 1 path=C:\Users\vanita.patel\eclipse-workspace\.metadata\.plugins\org.eclipse.swt\EBWebView\Default lastActive=2026-08-05T13:07:10.033Z
2026-08-05 17:12:43.694: [INFO] LastUsedProfileDir: C:\Users\vanita.patel\eclipse-workspace\.metadata\.plugins\org.eclipse.swt\EBWebView\Default
2026-08-05 17:12:43.694: [INFO] MostRecentlyActiveProfile: name=Profile 1 path=C:\Users\vanita.patel\eclipse-workspace\.metadata\.plugins\org.eclipse.swt\EBWebView\Default lastActive=2026-08-05T13:07:10.033Z
2026-08-05 17:12:43.694: [INFO] OnDoneLoading sync enabled: 0
2026-08-05 17:12:43.694: [INFO] BookmarkModelLoaded, ids_reassigned: 0
2026-08-05 17:12:43.694: [INFO] BookmarksLoadDropped droppedNodes=0
2026-08-05 17:12:43.694: [INFO] BookmarksSnapshot Startup total=0 bar=0 other=0 mobile=0 showBar=0 showBarNTP=1
2026-08-05 17:13:14.487: [INFO] BookmarksSnapshot Shutdown total=0 bar=0 other=0 mobile=0 showBar=0 showBarNTP=1
2026-08-05 17:13:44.159: [INFO] CurrentProfilePath: C:\Users\vanita.patel\eclipse-workspace\.metadata\.plugins\org.eclipse.swt\EBWebView\Default
2026-08-05 17:13:44.159: [INFO] Profiles total count: 1
2026-08-05 17:13:44.159: [INFO] Profile: name=Profile 1 path=C:\Users\vanita.patel\eclipse-workspace\.metadata\.plugins\org.eclipse.swt\EBWebView\Default lastActive=2026-08-05T13:07:10.033Z
2026-08-05 17:13:44.159: [INFO] LastUsedProfileDir: C:\Users\vanita.patel\eclipse-workspace\.metadata\.plugins\org.eclipse.swt\EBWebView\Default
2026-08-05 17:13:44.159: [INFO] MostRecentlyActiveProfile: name=Profile 1 path=C:\Users\vanita.patel\eclipse-workspace\.metadata\.plugins\org.eclipse.swt\EBWebView\Default lastActive=2026-08-05T13:07:10.033Z
2026-08-05 17:13:44.159: [INFO] OnDoneLoading sync enabled: 0
2026-08-05 17:13:44.159: [INFO] BookmarkModelLoaded, ids_reassigned: 0
2026-08-05 17:13:44.159: [INFO] BookmarksLoadDropped droppedNodes=0
2026-08-05 17:13:44.159: [INFO] BookmarksSnapshot Startup total=0 bar=0 other=0 mobile=0 showBar=0 showBarNTP=1
2026-08-05 18:22:09.199: [INFO] BookmarksSnapshot Shutdown total=0 bar=0 other=0 mobile=0 showBar=0 showBarNTP=1
